// Vitest Snapshot v1, https://vitest.dev/guide/snapshot.html

exports[`AboutView >  1`] = `
"<div class="about">
  <h1>Hola mis developers</h1>
</div>"
`;
